// Jest Snapshot v1, https://goo.gl/fbAQLP

exports[`<DataOwnerPage /> Should renders without crashing 1`] = `ShallowWrapper {}`;
